// Jest Snapshot v1, https://goo.gl/fbAQLP

exports[`resolve-node-module 1`] = `
"/* imported from node_modules/button/button.css */._button_button
{
  /*common button styles*/
}/* imported from source.css */._source_continueButton
{
  color: green;
}
"
`;

exports[`resolve-node-module 2`] = `
Object {
  "continueButton": "_source_continueButton _button_button",
}
`;
